[warn] Da xoa runtime cache de bootstrap lai.
[warn] Khong co browser he thong, se tai Chrome runtime (Stable/linux64).
[info] Tai metadata Chrome runtime tu https://googlechromelabs.github.io/chrome-for-testing/last-known-good-versions-with-downloads.json
[info] Bat dau tai Chrome runtime: https://storage.googleapis.com/chrome-for-testing-public/149.0.7827.22/linux64/chrome-linux64.zip
[info] Dang tai Chrome runtime: 0% (256.0KB/177.0MB) 396.5KB/s ETA 07:36
[info] Dang tai Chrome runtime: 1% (3.0MB/177.0MB) 1.8MB/s ETA 01:37
[info] Dang tai Chrome runtime: 3% (6.5MB/177.0MB) 2.4MB/s ETA 01:10
[info] Dang tai Chrome runtime: 5% (10.5MB/177.0MB) 2.8MB/s ETA 00:58
[info] Dang tai Chrome runtime: 10% (18.0MB/177.0MB) 3.8MB/s ETA 00:41
[info] Dang tai Chrome runtime: 14% (25.8MB/177.0MB) 4.5MB/s ETA 00:33
[info] Dang tai Chrome runtime: 18% (33.5MB/177.0MB) 5.0MB/s ETA 00:28
[info] Dang tai Chrome runtime: 25% (44.8MB/177.0MB) 5.8MB/s ETA 00:22
[info] Dang tai Chrome runtime: 29% (51.5MB/177.0MB) 5.8MB/s ETA 00:21
[info] Dang tai Chrome runtime: 32% (58.2MB/177.0MB) 5.9MB/s ETA 00:20
[info] Dang tai Chrome runtime: 37% (66.8MB/177.0MB) 6.1MB/s ETA 00:17
[info] Dang tai Chrome runtime: 41% (73.8MB/177.0MB) 6.2MB/s ETA 00:16
[info] Dang tai Chrome runtime: 45% (80.5MB/177.0MB) 6.2MB/s ETA 00:15
[info] Dang tai Chrome runtime: 49% (87.8MB/177.0MB) 6.3MB/s ETA 00:14
[info] Dang tai Chrome runtime: 51% (91.8MB/177.0MB) 6.1MB/s ETA 00:13
[info] Dang tai Chrome runtime: 54% (96.8MB/177.0MB) 6.1MB/s ETA 00:13
[info] Dang tai Chrome runtime: 59% (104.5MB/177.0MB) 6.2MB/s ETA 00:11
[info] Dang tai Chrome runtime: 62% (111.0MB/177.0MB) 6.1MB/s ETA 00:10
[info] Dang tai Chrome runtime: 67% (119.0MB/177.0MB) 6.2MB/s ETA 00:09
[info] Dang tai Chrome runtime: 70% (124.8MB/177.0MB) 6.2MB/s ETA 00:08
[info] Dang tai Chrome runtime: 76% (135.5MB/177.0MB) 6.4MB/s ETA 00:06
[info] Dang tai Chrome runtime: 81% (143.5MB/177.0MB) 6.5MB/s ETA 00:05
[info] Dang tai Chrome runtime: 85% (151.0MB/177.0MB) 6.5MB/s ETA 00:03
[info] Dang tai Chrome runtime: 88% (157.5MB/177.0MB) 6.5MB/s ETA 00:03
[info] Dang tai Chrome runtime: 91% (162.8MB/177.0MB) 6.4MB/s ETA 00:02
[info] Dang tai Chrome runtime: 96% (170.5MB/177.0MB) 6.5MB/s ETA 00:01
[info] Da tai xong Chrome runtime, sha256=69d3de016c1e6e0483fe0d78954b66f46fd4404cb5900978a28df22657071194
[success] Da giai nen Chrome runtime vao /home/itc/.local/share/FotelloClient/runtime/chrome-for-testing/stable/149.0.7827.22
[info] Mở Chrome tới Fotello.
[info] Dung browser he thong: Google Chrome -> /usr/bin/google-chrome
[info] Mở browser (system) tại /usr/bin/google-chrome
[success] Đã mở Chrome PID 97527
